Microchip MPLAB XC8 Compiler V1.32 ()

Linker command line:

--edf=/Applications/microchip/xc8/v1.32/dat/en_msgs.txt -cs \
  -h+dist/default/production/sunsetFader.X.production.sym \
  --cmf=dist/default/production/sunsetFader.X.production.cmf -z -Q18F45K20 \
  -o/tmp/cgt9ZUkwt -Mdist/default/production/sunsetFader.X.production.map \
  -E1 -ver=XC8 -ASTACK=060h-05ffh -pstack=STACK -ACODE=00h-07FFFh \
  -ACONST=00h-07FFFh -ASMALLCONST=0600h-06FFhx122 \
  -AMEDIUMCONST=0600h-07FFFh -ACOMRAM=01h-05Fh -AABS1=00h-05FFh \
  -ABIGRAM=01h-05FFh -ARAM=060h-0FFh,0100h-01FFhx5 -ABANK0=060h-0FFh \
  -ABANK1=0100h-01FFh -ABANK2=0200h-02FFh -ABANK3=0300h-03FFh \
  -ABANK4=0400h-04FFh -ABANK5=0500h-05FFh -ASFR=0F60h-0FFFh \
  -preset_vec=00h,intcode=08h,intcodelo,powerup,init,end_init \
  -pramtop=0600h -psmallconst=SMALLCONST -pmediumconst=MEDIUMCONST \
  -pconst=CONST -AFARRAM=00h-00h -ACONFIG=0300000h-030000Dh -pconfig=CONFIG \
  -AIDLOC=0200000h-0200007h -pidloc=IDLOC -AEEDATA=0F00000h-0F000FFh \
  -peeprom_data=EEDATA \
  -prdata=COMRAM,nvrram=COMRAM,nvbit=COMRAM,rbss=COMRAM,rbit=COMRAM \
  -pfarbss=FARRAM,fardata=FARRAM,nvFARRAM=FARRAM \
  -pintsave_regs=BIGRAM,bigbss=BIGRAM,bigdata=BIGRAM -pbss=RAM \
  -pidata=CODE,irdata=CODE,ibigdata=CODE,ifardata=CODE /tmp/cgtp6577O.obj \
  dist/default/production/sunsetFader.X.production.obj 

Object code version is 3.11

Machine type is 18F45K20

Call graph: (short form)




                Name                               Link     Load   Length Selector   Space Scale
/tmp/cgtp6577O.obj
                end_init                             7A       7A        4        4       0
                reset_vec                             0        0        4        0       0
                idloc                            200000   200000        8   200000       0
                config                           300000   300000        E   300000       0
dist/default/production/sunsetFader.X.production.obj
                intcode                               8        8       72        4       0
                text5                               1AC      1AC       40        4       0
                text4                               112      112       52        4       0
                text3                               258      258       2C        4       0
                text2                               164      164       48        4       0
                text1                                7E       7E       94        4       0
                text0                               1EC      1EC       3A        4       0
                cstackCOMRAM                         25       25       1D        1       1
                dataCOMRAM                            1        1       24        1       1
                bssCOMRAM                            42       42        B        1       1
                cinit                               226      226       32        4       0
                idataCOMRAM                         284      284       24        4       0

TOTAL           Name                               Link     Load   Length     Space
        CLASS   STACK          

        CLASS   CODE           
                end_init                             7A       7A        4         0
                intcode                               8        8       72         0
                reset_vec                             0        0        4         0
                text5                               1AC      1AC       40         0
                text4                               112      112       52         0
                text3                               258      258       2C         0
                text2                               164      164       48         0
                text1                                7E       7E       94         0
                text0                               1EC      1EC       3A         0
                cinit                               226      226       32         0
                idataCOMRAM                         284      284       24         0

        CLASS   CONST          

        CLASS   SMALLCONST     

        CLASS   MEDIUMCONST    

        CLASS   COMRAM         
                cstackCOMRAM                         25       25       1D         1
                dataCOMRAM                            1        1       24         1
                bssCOMRAM                            42       42        B         1

        CLASS   ABS1           

        CLASS   BIGRAM         

        CLASS   RAM            

        CLASS   BANK0          

        CLASS   BANK1          

        CLASS   BANK2          

        CLASS   BANK3          

        CLASS   BANK4          

        CLASS   BANK5          

        CLASS   SFR            

        CLASS   FARRAM         

        CLASS   CONFIG         
                config                           300000   300000        E         0

        CLASS   IDLOC          
                idloc                            200000   200000        8         0

        CLASS   EEDATA         



SEGMENTS        Name                           Load    Length   Top    Selector   Space  Class

                reset_vec                      000000  000004  000004         0       0  CODE    
                dataCOMRAM                     000001  00004C  00004D         1       1  COMRAM  
                intcode                        000008  0002A0  0002A8         4       0  CODE    
                idloc                          200000  000008  200008    200000       0  IDLOC   
                config                         300000  00000E  30000E    300000       0  CONFIG  


UNUSED ADDRESS RANGES

        Name                Unused          Largest block    Delta
        BANK0            000060-0000FF               A0
        BANK1            000100-0001FF              100
        BANK2            000200-0002FF              100
        BANK3            000300-0003FF              100
        BANK4            000400-0004FF              100
        BANK5            000500-0005FF              100
        BIGRAM           00004D-0005FF              5B3
        CODE             000004-000007                4
                         0002A8-007FFF             7D58
        COMRAM           00004D-00005F               13
        CONST            000004-000007                4
                         0002A8-007FFF             7D58
        EEDATA           F00000-F000FF              100
        MEDIUMCONST      000600-007FFF             7A00
        RAM              000060-0005FF              100
        SFR              000F60-000FFF               A0
        SMALLCONST       000600-007FFF              100
        STACK            000060-0005FF              5A0

                                  Symbol Table

?___lwdiv                    cstackCOMRAM 000033
_ADCON0bits                  (abs)        000FC2
_ADCON1bits                  (abs)        000FC1
_ADCON2bits                  (abs)        000FC0
_ADRESH                      (abs)        000FC4
_ANSEL                       (abs)        000F7E
_ANSELH                      (abs)        000F7F
_ANSELbits                   (abs)        000F7E
_INTCON2bits                 (abs)        000FF1
_INTCONbits                  (abs)        000FF2
_InitializeHardware          text5        0001AC
_LATCbits                    (abs)        000F8B
_OSCCONbits                  (abs)        000FD3
_PORTAbits                   (abs)        000F80
_RCON                        (abs)        000FD0
_T0CON                       (abs)        000FD5
_TMR0H                       (abs)        000FD7
_TMR0L                       (abs)        000FD6
_TRISCbits                   (abs)        000F94
_Timer_SysTime               bssCOMRAM    000048
_WPUB                        (abs)        000F7C
__CFG_BOREN$OFF              (abs)        000000
__CFG_CP0$OFF                (abs)        000000
__CFG_CP1$OFF                (abs)        000000
__CFG_FOSC$INTIO67           (abs)        000000
__CFG_HFOFST$ON              (abs)        000000
__CFG_IESO$OFF               (abs)        000000
__CFG_LVP$OFF                (abs)        000000
__CFG_MCLRE$OFF              (abs)        000000
__CFG_PWRT$ON                (abs)        000000
__CFG_WDTEN$OFF              (abs)        000000
__CFG_WDTPS$256              (abs)        000000
__HRAM                       (abs)        000000
__Habs1                      abs1         000000
__Hbank0                     bank0        000000
__Hbank1                     bank1        000000
__Hbank2                     bank2        000000
__Hbank3                     bank3        000000
__Hbank4                     bank4        000000
__Hbank5                     bank5        000000
__Hbigbss                    bigbss       000000
__Hbigdata                   bigdata      000000
__Hbigram                    bigram       000000
__Hbss                       bss          000000
__HbssCOMRAM                 bssCOMRAM    000000
__Hcinit                     cinit        000000
__Hclrtext                   clrtext      000000
__Hcomram                    comram       000000
__Hconfig                    config       30000E
__Hconst                     const        000000
__HcstackCOMRAM              cstackCOMRAM 000000
__Hdata                      data         000000
__HdataCOMRAM                dataCOMRAM   000000
__Heeprom_data               eeprom_data  000000
__Hend_init                  end_init     00007E
__Hfarbss                    farbss       000000
__Hfardata                   fardata      000000
__Hibigdata                  ibigdata     000000
__Hidata                     idata        000000
__HidataCOMRAM               idataCOMRAM  000000
__Hidloc                     idloc        200008
__Hifardata                  ifardata     000000
__Hinit                      init         00007A
__Hintcode                   intcode      00007A
__Hintcode_body              intcode_body 000000
__Hintcodelo                 intcodelo    00007A
__Hintentry                  intentry     000000
__Hintret                    intret       000000
__Hintsave_regs              intsave_regs 000000
__Hirdata                    irdata       000000
__Hmediumconst               mediumconst  000000
__HnvFARRAM                  nvFARRAM     000000
__Hnvbit                     nvbit        000000
__Hnvrram                    nvrram       000000
__Hparam                     rparam       000000
__Hpowerup                   powerup      00007A
__Hram                       ram          000000
__Hramtop                    ramtop       000600
__Hrbit                      rbit         000000
__Hrbss                      rbss         000000
__Hrdata                     rdata        000000
__Hreset_vec                 reset_vec    000004
__Hrparam                    rparam       000000
__Hsfr                       sfr          000000
__Hsmallconst                smallconst   000000
__Hspace_0                   (abs)        30000E
__Hspace_1                   (abs)        00004D
__Hspace_2                   (abs)        000000
__Hstack                     stack        000000
__Hstruct                    struct       000000
__Htemp                      temp         000000
__Htext                      text         000000
__Htext0                     text0        000000
__Htext1                     text1        000000
__Htext2                     text2        000000
__Htext3                     text3        000000
__Htext4                     text4        000000
__Htext5                     text5        000000
__LRAM                       (abs)        000001
__Labs1                      abs1         000000
__Lbank0                     bank0        000000
__Lbank1                     bank1        000000
__Lbank2                     bank2        000000
__Lbank3                     bank3        000000
__Lbank4                     bank4        000000
__Lbank5                     bank5        000000
__Lbigbss                    bigbss       000000
__Lbigdata                   bigdata      000000
__Lbigram                    bigram       000000
__Lbss                       bss          000000
__LbssCOMRAM                 bssCOMRAM    000000
__Lcinit                     cinit        000000
__Lclrtext                   clrtext      000000
__Lcomram                    comram       000000
__Lconfig                    config       300000
__Lconst                     const        000000
__LcstackCOMRAM              cstackCOMRAM 000000
__Ldata                      data         000000
__LdataCOMRAM                dataCOMRAM   000000
__Leeprom_data               eeprom_data  000000
__Lend_init                  end_init     00007A
__Lfarbss                    farbss       000000
__Lfardata                   fardata      000000
__Libigdata                  ibigdata     000000
__Lidata                     idata        000000
__LidataCOMRAM               idataCOMRAM  000000
__Lidloc                     idloc        200000
__Lifardata                  ifardata     000000
__Linit                      init         00007A
__Lintcode                   intcode      000008
__Lintcode_body              intcode_body 000000
__Lintcodelo                 intcodelo    00007A
__Lintentry                  intentry     000000
__Lintret                    intret       000000
__Lintsave_regs              intsave_regs 000000
__Lirdata                    irdata       000000
__Lmediumconst               mediumconst  000000
__LnvFARRAM                  nvFARRAM     000000
__Lnvbit                     nvbit        000000
__Lnvrram                    nvrram       000000
__Lparam                     rparam       000000
__Lpowerup                   powerup      00007A
__Lram                       ram          000000
__Lramtop                    ramtop       000600
__Lrbit                      rbit         000000
__Lrbss                      rbss         000000
__Lrdata                     rdata        000000
__Lreset_vec                 reset_vec    000000
__Lrparam                    rparam       000000
__Lsfr                       sfr          000000
__Lsmallconst                smallconst   000000
__Lspace_0                   (abs)        000000
__Lspace_1                   (abs)        000000
__Lspace_2                   (abs)        000000
__Lstack                     stack        000000
__Lstruct                    struct       000000
__Ltemp                      temp         000000
__Ltext                      text         000000
__Ltext0                     text0        000000
__Ltext1                     text1        000000
__Ltext2                     text2        000000
__Ltext3                     text3        000000
__Ltext4                     text4        000000
__Ltext5                     text5        000000
__S0                         (abs)        30000E
__S1                         (abs)        00004D
__S2                         (abs)        000000
___inthi_sp                  stack        000000
___intlo_sp                  stack        000000
___lwdiv                     text4        000112
___lwdiv@counter             cstackCOMRAM 000039
___lwdiv@dividend            cstackCOMRAM 000033
___lwdiv@divisor             cstackCOMRAM 000035
___lwdiv@quotient            cstackCOMRAM 000037
___sp                        stack        000000
__accesstop                  (abs)        000060
__activetblptr               (abs)        000000
__end_of_InitializeHardware  text5        0001EC
__end_of___lwdiv             text4        000164
__end_of__initialization     cinit        000252
__end_of_high_isr            intcode      00007A
__end_of_main                text0        000226
__end_of_paintSunset         text1        000112
__end_of_sendShort           text3        000284
__end_of_send_LED            text2        0001AC
__initialization             cinit        000226
__mediumconst                mediumconst  000000
__pbssCOMRAM                 bssCOMRAM    000042
__pcinit                     cinit        000226
__pcstackCOMRAM              cstackCOMRAM 000025
__pdataCOMRAM                dataCOMRAM   000001
__pidataCOMRAM               idataCOMRAM  000284
__pintcode                   intcode      000008
__ptext0                     text0        0001EC
__ptext1                     text1        00007E
__ptext2                     text2        000164
__ptext3                     text3        000258
__ptext4                     text4        000112
__ptext5                     text5        0001AC
__ramtop                     ramtop       000600
__size_of_InitializeHardware (abs)        000000
__size_of___lwdiv            (abs)        000000
__size_of_high_isr           (abs)        000000
__size_of_main               (abs)        000000
__size_of_paintSunset        (abs)        000000
__size_of_sendShort          (abs)        000000
__size_of_send_LED           (abs)        000000
__smallconst                 smallconst   000000
_colorPalette                dataCOMRAM   000001
_high_isr                    intcode      000008
_jumperStates                bssCOMRAM    00004C
_led                         bssCOMRAM    000042
_main                        text0        0001EC
_now                         bssCOMRAM    00004A
_paintSunset                 text1        00007E
_sendShort                   text3        000258
_send_LED                    text2        000164
end_of_initialization        cinit        000252
intlevel0                    text         000000
intlevel1                    text         000000
intlevel2                    text         000000
intlevel3                    text         000000
main@resetCause              cstackCOMRAM 000041
paintSunset@adcResult        cstackCOMRAM 00003E
paintSunset@paletteIndex     cstackCOMRAM 000040
sendShort@i                  cstackCOMRAM 000035
sendShort@shortToSend        cstackCOMRAM 000033
send_LED@led                 cstackCOMRAM 000036
send_LED@tempShort           cstackCOMRAM 00003C
stackhi                      (abs)        0005FF
stacklo                      (abs)        000060
start                        init         00007A
start_initialization         cinit        000226


FUNCTION INFORMATION:

 *************** function _main *****************
 Defined at:
		line 94 in file "../main.c"
 Parameters:    Size  Location     Type
		None
 Auto vars:     Size  Location     Type
  resetCause      1   28[COMRAM] unsigned char 
 Return value:  Size  Location     Type
		None               void
 Registers used:
		wreg, fsr1l, fsr1h, fsr2l, fsr2h, status,2, status,0, prodl, prodh, cstack
 Tracked objects:
		On entry : 
		On exit  : 
		Unchanged: 
 Data sizes:     COMRAM   BANK0   BANK1   BANK2   BANK3   BANK4   BANK5
      Params:         0       0       0       0       0       0       0
      Locals:         1       0       0       0       0       0       0
      Temps:          0       0       0       0       0       0       0
      Totals:         1       0       0       0       0       0       0
Total ram usage:        1 bytes
 Hardware stack levels required when called:    4
 This function calls:
		_InitializeHardware
		_paintSunset
 This function is called by:
		Startup code after reset
 This function uses a non-reentrant model


 *************** function _paintSunset *****************
 Defined at:
		line 273 in file "../main.c"
 Parameters:    Size  Location     Type
  adcResult       2   25[COMRAM] unsigned short 
 Auto vars:     Size  Location     Type
  colorStepCha    6    0        struct .
  paletteIndex    1   27[COMRAM] unsigned char 
  tweenIndex      1    0        unsigned char 
 Return value:  Size  Location     Type
		None               void
 Registers used:
		wreg, fsr1l, fsr1h, fsr2l, fsr2h, status,2, status,0, prodl, prodh, cstack
 Tracked objects:
		On entry : 
		On exit  : 
		Unchanged: 
 Data sizes:     COMRAM   BANK0   BANK1   BANK2   BANK3   BANK4   BANK5
      Params:         2       0       0       0       0       0       0
      Locals:         1       0       0       0       0       0       0
      Temps:          0       0       0       0       0       0       0
      Totals:         3       0       0       0       0       0       0
Total ram usage:        3 bytes
 Hardware stack levels used:    1
 Hardware stack levels required when called:    3
 This function calls:
		___lwdiv
		_send_LED
 This function is called by:
		_main
 This function uses a non-reentrant model


 *************** function _send_LED *****************
 Defined at:
		line 176 in file "../main.c"
 Parameters:    Size  Location     Type
  led             6   17[COMRAM] struct .
 Auto vars:     Size  Location     Type
  tempShort       2   23[COMRAM] unsigned short 
 Return value:  Size  Location     Type
		None               void
 Registers used:
		wreg, status,2, status,0, cstack
 Tracked objects:
		On entry : 
		On exit  : 
		Unchanged: 
 Data sizes:     COMRAM   BANK0   BANK1   BANK2   BANK3   BANK4   BANK5
      Params:         6       0       0       0       0       0       0
      Locals:         2       0       0       0       0       0       0
      Temps:          0       0       0       0       0       0       0
      Totals:         8       0       0       0       0       0       0
Total ram usage:        8 bytes
 Hardware stack levels used:    1
 Hardware stack levels required when called:    2
 This function calls:
		_sendShort
 This function is called by:
		_paintSunset
		_test_LEDS
 This function uses a non-reentrant model


 *************** function _sendShort *****************
 Defined at:
		line 195 in file "../main.c"
 Parameters:    Size  Location     Type
  shortToSend     2   14[COMRAM] unsigned short 
 Auto vars:     Size  Location     Type
  i               1   16[COMRAM] unsigned char 
 Return value:  Size  Location     Type
		None               void
 Registers used:
		wreg, status,2, status,0
 Tracked objects:
		On entry : 
		On exit  : 
		Unchanged: 
 Data sizes:     COMRAM   BANK0   BANK1   BANK2   BANK3   BANK4   BANK5
      Params:         2       0       0       0       0       0       0
      Locals:         1       0       0       0       0       0       0
      Temps:          0       0       0       0       0       0       0
      Totals:         3       0       0       0       0       0       0
Total ram usage:        3 bytes
 Hardware stack levels used:    1
 Hardware stack levels required when called:    1
 This function calls:
		Nothing
 This function is called by:
		_send_LED
 This function uses a non-reentrant model


 *************** function ___lwdiv *****************
 Defined at:
		line 8 in file "/Applications/microchip/xc8/v1.32/sources/common/lwdiv.c"
 Parameters:    Size  Location     Type
  dividend        2   14[COMRAM] unsigned int 
  divisor         2   16[COMRAM] unsigned int 
 Auto vars:     Size  Location     Type
  quotient        2   18[COMRAM] unsigned int 
  counter         1   20[COMRAM] unsigned char 
 Return value:  Size  Location     Type
                  2   14[COMRAM] unsigned int 
 Registers used:
		wreg, status,2, status,0
 Tracked objects:
		On entry : 
		On exit  : 
		Unchanged: 
 Data sizes:     COMRAM   BANK0   BANK1   BANK2   BANK3   BANK4   BANK5
      Params:         4       0       0       0       0       0       0
      Locals:         3       0       0       0       0       0       0
      Temps:          0       0       0       0       0       0       0
      Totals:         7       0       0       0       0       0       0
Total ram usage:        7 bytes
 Hardware stack levels used:    1
 Hardware stack levels required when called:    1
 This function calls:
		Nothing
 This function is called by:
		_paintSunset
 This function uses a non-reentrant model


 *************** function _InitializeHardware *****************
 Defined at:
		line 130 in file "../main.c"
 Parameters:    Size  Location     Type
		None
 Auto vars:     Size  Location     Type
		None
 Return value:  Size  Location     Type
		None               void
 Registers used:
		wreg, status,2
 Tracked objects:
		On entry : 
		On exit  : 
		Unchanged: 
 Data sizes:     COMRAM   BANK0   BANK1   BANK2   BANK3   BANK4   BANK5
      Params:         0       0       0       0       0       0       0
      Locals:         0       0       0       0       0       0       0
      Temps:          0       0       0       0       0       0       0
      Totals:         0       0       0       0       0       0       0
Total ram usage:        0 bytes
 Hardware stack levels used:    1
 Hardware stack levels required when called:    1
 This function calls:
		Nothing
 This function is called by:
		_main
 This function uses a non-reentrant model


 *************** function _high_isr *****************
 Defined at:
		line 85 in file "../main.c"
 Parameters:    Size  Location     Type
		None
 Auto vars:     Size  Location     Type
		None
 Return value:  Size  Location     Type
		None               void
 Registers used:
		None
 Tracked objects:
		On entry : 
		On exit  : 
		Unchanged: 
 Data sizes:     COMRAM   BANK0   BANK1   BANK2   BANK3   BANK4   BANK5
      Params:         0       0       0       0       0       0       0
      Locals:         0       0       0       0       0       0       0
      Temps:         14       0       0       0       0       0       0
      Totals:        14       0       0       0       0       0       0
Total ram usage:       14 bytes
 Hardware stack levels used:    1
 This function calls:
		Nothing
 This function is called by:
		Interrupt level 2
 This function uses a non-reentrant model



MODULE INFORMATION

Module		Function		Class		Link	Load	Size
../main.c
		_sendShort     		CODE           	0258	0000	44
		_main          		CODE           	01EC	0000	58
		_paintSunset   		CODE           	007E	0000	148
		_high_isr      		CODE           	0008	0000	114
		_send_LED      		CODE           	0164	0000	72
		_InitializeHard		CODE           	01AC	0000	64

../main.c estimated size: 500

/Applications/microchip/xc8/v1.32/sources/common/lwdiv.c
		___lwdiv       		CODE           	0112	0000	82

/Applications/microchip/xc8/v1.32/sources/common/lwdiv.c estimated size: 82

shared
		__initializatio		CODE           	0226	0000	44

shared estimated size: 44

